============================= test session starts =============================
platform win32 -- Python 3.13.6, pytest-8.4.2, pluggy-1.6.0 -- C:\Python313\python.exe
cachedir: .pytest_cache
rootdir: C:\ANTI\zensynora
plugins: aio-2.0.0, asyncio-1.2.0, mock-3.15.1, anyio-4.11.0
asyncio: mode=Mode.STRICT, debug=False, asyncio_default_fixture_loop_scope=None, asyncio_default_test_loop_scope=function
collecting ... collected 14 items

tests/test_knowledge.py::TestParser::test_parse_frontmatter PASSED       [  7%]
tests/test_knowledge.py::TestParser::test_parse_observations PASSED      [ 14%]
tests/test_knowledge.py::TestParser::test_parse_relations PASSED         [ 21%]
tests/test_knowledge.py::TestParser::test_generate_markdown PASSED       [ 28%]
tests/test_knowledge.py::TestDatabase::test_create_entity ERROR          [ 35%]
tests/test_knowledge.py::TestDatabase::test_add_observation ERROR        [ 42%]
tests/test_knowledge.py::TestDatabase::test_add_relation ERROR           [ 50%]
tests/test_knowledge.py::TestDatabase::test_search_fts ERROR             [ 57%]
tests/test_knowledge.py::TestStorage::test_write_and_read_note FAILED    [ 64%]
tests/test_knowledge.py::TestStorage::test_delete_note FAILED            [ 71%]
tests/test_knowledge.py::TestStorage::test_list_notes FAILED             [ 78%]
tests/test_knowledge.py::TestStorage::test_validate_permalink FAILED     [ 85%]
tests/test_knowledge.py::TestGraph::test_get_related_entities FAILED     [ 92%]
tests/test_knowledge.py::TestSync::test_sync_knowledge FAILED            [100%]

=================================== ERRORS ====================================
______________ ERROR at setup of TestDatabase.test_create_entity ______________
tests\test_knowledge.py:103: in db
    db = KnowledgeDB(user_id="test")
         ^^^^^^^^^^^^^^^^^^^^^^^^^^^
myclaw\knowledge\db.py:61: in __init__
    self._init_db()
myclaw\knowledge\db.py:120: in _init_db
    conn.execute("CREATE INDEX IF NOT EXISTS idx_entity_type_name ON entities(type, name)")
E   sqlite3.OperationalError: no such column: type
_____________ ERROR at setup of TestDatabase.test_add_observation _____________
tests\test_knowledge.py:103: in db
    db = KnowledgeDB(user_id="test")
         ^^^^^^^^^^^^^^^^^^^^^^^^^^^
myclaw\knowledge\db.py:61: in __init__
    self._init_db()
myclaw\knowledge\db.py:120: in _init_db
    conn.execute("CREATE INDEX IF NOT EXISTS idx_entity_type_name ON entities(type, name)")
E   sqlite3.OperationalError: no such column: type
______________ ERROR at setup of TestDatabase.test_add_relation _______________
tests\test_knowledge.py:103: in db
    db = KnowledgeDB(user_id="test")
         ^^^^^^^^^^^^^^^^^^^^^^^^^^^
myclaw\knowledge\db.py:61: in __init__
    self._init_db()
myclaw\knowledge\db.py:120: in _init_db
    conn.execute("CREATE INDEX IF NOT EXISTS idx_entity_type_name ON entities(type, name)")
E   sqlite3.OperationalError: no such column: type
_______________ ERROR at setup of TestDatabase.test_search_fts ________________
tests\test_knowledge.py:103: in db
    db = KnowledgeDB(user_id="test")
         ^^^^^^^^^^^^^^^^^^^^^^^^^^^
myclaw\knowledge\db.py:61: in __init__
    self._init_db()
myclaw\knowledge\db.py:120: in _init_db
    conn.execute("CREATE INDEX IF NOT EXISTS idx_entity_type_name ON entities(type, name)")
E   sqlite3.OperationalError: no such column: type
================================== FAILURES ===================================
____________________ TestStorage.test_write_and_read_note _____________________
tests\test_knowledge.py:175: in test_write_and_read_note
    permalink = write_note(
myclaw\knowledge\storage.py:112: in write_note
    with KnowledgeDB(user_id) as db:
         ^^^^^^^^^^^^^^^^^^^^
myclaw\knowledge\db.py:61: in __init__
    self._init_db()
myclaw\knowledge\db.py:120: in _init_db
    conn.execute("CREATE INDEX IF NOT EXISTS idx_entity_type_name ON entities(type, name)")
E   sqlite3.OperationalError: no such column: type
________________________ TestStorage.test_delete_note _________________________
tests\test_knowledge.py:194: in test_delete_note
    permalink = write_note(
myclaw\knowledge\storage.py:112: in write_note
    with KnowledgeDB(user_id) as db:
         ^^^^^^^^^^^^^^^^^^^^
myclaw\knowledge\db.py:61: in __init__
    self._init_db()
myclaw\knowledge\db.py:120: in _init_db
    conn.execute("CREATE INDEX IF NOT EXISTS idx_entity_type_name ON entities(type, name)")
E   sqlite3.OperationalError: no such column: type
_________________________ TestStorage.test_list_notes _________________________
tests\test_knowledge.py:205: in test_list_notes
    write_note(name="Note 1", title="Note 1", tags=["work"], user_id="test")
myclaw\knowledge\storage.py:112: in write_note
    with KnowledgeDB(user_id) as db:
         ^^^^^^^^^^^^^^^^^^^^
myclaw\knowledge\db.py:61: in __init__
    self._init_db()
myclaw\knowledge\db.py:120: in _init_db
    conn.execute("CREATE INDEX IF NOT EXISTS idx_entity_type_name ON entities(type, name)")
E   sqlite3.OperationalError: no such column: type
_____________________ TestStorage.test_validate_permalink _____________________
tests\test_knowledge.py:221: in test_validate_permalink
    validate_permalink("")
myclaw\knowledge\storage.py:41: in validate_permalink
    raise KnowledgeBaseError("Permalink cannot be empty")
E   myclaw.exceptions.KnowledgeBaseError: Permalink cannot be empty
_____________________ TestGraph.test_get_related_entities _____________________
tests\test_knowledge.py:245: in test_get_related_entities
    write_note(
myclaw\knowledge\storage.py:112: in write_note
    with KnowledgeDB(user_id) as db:
         ^^^^^^^^^^^^^^^^^^^^
myclaw\knowledge\db.py:61: in __init__
    self._init_db()
myclaw\knowledge\db.py:120: in _init_db
    conn.execute("CREATE INDEX IF NOT EXISTS idx_entity_type_name ON entities(type, name)")
E   sqlite3.OperationalError: no such column: type
________________________ TestSync.test_sync_knowledge _________________________
tests\test_knowledge.py:285: in test_sync_knowledge
    write_note(name="Note 1", title="Note 1", user_id="test")
myclaw\knowledge\storage.py:112: in write_note
    with KnowledgeDB(user_id) as db:
         ^^^^^^^^^^^^^^^^^^^^
myclaw\knowledge\db.py:61: in __init__
    self._init_db()
myclaw\knowledge\db.py:120: in _init_db
    conn.execute("CREATE INDEX IF NOT EXISTS idx_entity_type_name ON entities(type, name)")
E   sqlite3.OperationalError: no such column: type
=========================== short test summary info ===========================
FAILED tests/test_knowledge.py::TestStorage::test_write_and_read_note - sqlit...
FAILED tests/test_knowledge.py::TestStorage::test_delete_note - sqlite3.Opera...
FAILED tests/test_knowledge.py::TestStorage::test_list_notes - sqlite3.Operat...
FAILED tests/test_knowledge.py::TestStorage::test_validate_permalink - myclaw...
FAILED tests/test_knowledge.py::TestGraph::test_get_related_entities - sqlite...
FAILED tests/test_knowledge.py::TestSync::test_sync_knowledge - sqlite3.Opera...
ERROR tests/test_knowledge.py::TestDatabase::test_create_entity - sqlite3.Ope...
ERROR tests/test_knowledge.py::TestDatabase::test_add_observation - sqlite3.O...
ERROR tests/test_knowledge.py::TestDatabase::test_add_relation - sqlite3.Oper...
ERROR tests/test_knowledge.py::TestDatabase::test_search_fts - sqlite3.Operat...
==================== 6 failed, 4 passed, 4 errors in 0.52s ====================
